#if _display_landusage == 1
LAYER
    TYPE POLYGON
    STATUS ON
    PROJECTION
        "init=epsg:OSM_SRID"
    END
    NAME layername(landuse,_layer_suffix)
    GROUP "default"
    CONNECTIONTYPE POSTGIS
    CONNECTION "OSM_DB_CONNECTION"
#if OSM_FORCE_POSTGIS_EXTENT == 1
    EXTENT OSM_EXTENT
#endif
    COMPOSITE
      OPACITY _landusage_opacity
    END # COMPOSITE
    DATA _landusage_data
    PROCESSING "LABEL_NO_CLIP=ON"
    PROCESSING "CLOSE_CONNECTION=DEFER"
    MAXSCALEDENOM _maxscale
    MINSCALEDENOM _minscale
    CLASSITEM "type"
    LABELITEM "name"
#if _display_forest==1
    CLASS
       EXPRESSION {forest,wood}
       STYLE
          COLOR _forest_clr
       END
#if _display_forest_lbl==1
      LABEL
         TYPE TRUETYPE
         FONT _forest_font
         SIZE _forest_lbl_size
         COLOR _forest_lbl_clr
         WRAP ' '
         MAXLENGTH 6
         ALIGN CENTER
         MINFEATURESIZE AUTO
         PARTIALS FALSE
      END
#endif
    END
#endif
#if _display_residential==1
    CLASS
       EXPRESSION 'residential'
       STYLE
          COLOR _residential_clr
       END
#if _display_residential_lbl==1
      LABEL
         TYPE TRUETYPE
         FONT _residential_font
         SIZE _residential_lbl_size
         COLOR _residential_lbl_clr
         WRAP ' '
         MAXLENGTH 6
         ALIGN CENTER
         MINFEATURESIZE AUTO
         PARTIALS FALSE
      END
#endif
   END
#endif
#if _display_parking==1
    CLASS
      EXPRESSION 'parking'
      STYLE
        COLOR _parking_clr
      END
#if _display_parking_lbl==1
      LABEL
        TYPE TRUETYPE
        PARTIALS FALSE
        FONT _parking_font
        SIZE _parking_lbl_size
        COLOR _parking_lbl_clr
        WRAP ' '
        MAXLENGTH 6
        ALIGN CENTER
        MINFEATURESIZE AUTO
      END
#endif
    END
#endif
#if _display_commercial==1
    CLASS
      EXPRESSION 'commercial'
      STYLE
        COLOR _commercial_clr
      END
#if _display_commercial_lbl==1
      LABEL
        TYPE TRUETYPE
        PARTIALS FALSE
        FONT _commercial_font
        SIZE _commercial_lbl_size
        COLOR _commercial_lbl_clr
        WRAP ' '
        MAXLENGTH 6
        ALIGN CENTER
        MINFEATURESIZE AUTO
      END
#endif
    END
#endif
#if _display_industrial==1
    CLASS
      EXPRESSION 'industrial'
      STYLE
        COLOR _industrial_clr
      END
#if _display_industrial_lbl==1
     LABEL
       ENCODING "utf-8"
       TYPE TRUETYPE
       FONT _industrial_font
       SIZE _industrial_lbl_size
       COLOR _industrial_lbl_clr
       PRIORITY 2
       WRAP ' '
       MAXLENGTH 6
       ALIGN CENTER
       MINFEATURESIZE AUTO
       PARTIALS FALSE
     END
#endif
    END
#endif
#if _display_railway==1
    CLASS
      EXPRESSION 'railway'
      STYLE
        COLOR _landuse_railway_clr
      END
#if _display_railway_lbl==1
     LABEL
       ENCODING "utf-8"
       TYPE TRUETYPE
       FONT _railway_font
       SIZE _railway_lbl_size
       COLOR _railway_lbl_clr
       PRIORITY 2
       WRAP ' '
       MAXLENGTH 6
       ALIGN CENTER
       MINFEATURESIZE AUTO
       PARTIALS FALSE
     END
#endif
    END
#endif
#if _display_park==1
    CLASS
        EXPRESSION {park,golf_course}
        STYLE
            COLOR _park_clr
        END
#if _display_park_lbl==1
        LABEL
          TYPE TRUETYPE
          PARTIALS FALSE
          FONT _park_font
          SIZE _park_lbl_size
       ENCODING "utf-8"
          COLOR _park_lbl_clr
          PRIORITY 2
          POSITION cc
          WRAP ' '
          MAXLENGTH 6
          ALIGN CENTER
          MINFEATURESIZE AUTO
        END
#endif
    END
#endif
#if _display_cemetery==1
    CLASS
        EXPRESSION 'cemetery'
        STYLE
          COLOR _cemetery_clr
        END
#if _display_cemetery_lbl==1
        LABEL
          TYPE TRUETYPE
          PARTIALS FALSE
          FONT _cemetery_font
       ENCODING "utf-8"
            SIZE _cemetery_lbl_size
            COLOR _cemetery_lbl_clr
            PRIORITY 2
            WRAP ' '
            MAXLENGTH 6
            ALIGN CENTER
            MINFEATURESIZE AUTO
        END
#endif
    END
#endif
#if _display_grass==1
    CLASS
      EXPRESSION {grassland,meadow,grass,village_green,garden}
      STYLE
        COLOR _grass_clr
      END
#if _display_grass_lbl==1
      LABEL
        TYPE TRUETYPE
        PARTIALS FALSE
        FONT _grass_font
        SIZE _grass_lbl_size
        COLOR _grass_lbl_clr
        WRAP ' '
        MAXLENGTH 6
        ALIGN CENTER
        MINFEATURESIZE AUTO
      END
#endif
    END
#endif
#if _display_farmland==1
    CLASS
      EXPRESSION {farmland,farmyard}
      STYLE
        COLOR _farmland_clr
      END
#if _display_farmland_lbl==1
      LABEL
        TYPE TRUETYPE
        PARTIALS FALSE
        FONT _farmland_font
        SIZE _farmland_lbl_size
        COLOR _farmland_lbl_clr
        WRAP ' '
        MAXLENGTH 6
        ALIGN CENTER
        MINFEATURESIZE AUTO
      END
#endif
    END
#endif
#if _display_scrub==1
    CLASS
      EXPRESSION {scrub,heath}
      STYLE
        COLOR _scrub_clr
      END
#if _display_scrub_lbl==1
      LABEL
        TYPE TRUETYPE
        PARTIALS FALSE
        FONT _scrub_font
        SIZE _scrub_lbl_size
        COLOR _scrub_lbl_clr
        WRAP ' '
        MAXLENGTH 6
        ALIGN CENTER
        MINFEATURESIZE AUTO
      END
#endif
    END
#endif
#if _display_sand==1
    CLASS
      EXPRESSION {sand,bare_ground}
      STYLE
        COLOR _sand_clr
      END
#if _display_sand_lbl==1
      LABEL
        TYPE TRUETYPE
        PARTIALS FALSE
        FONT _sand_font
        SIZE _sand_lbl_size
        COLOR _sand_lbl_clr
        WRAP ' '
        MAXLENGTH 6
        ALIGN CENTER
        MINFEATURESIZE AUTO
      END
#endif
    END
#endif
#if _display_wetland==1
    CLASS
      EXPRESSION {wetland}
      STYLE
        COLOR _wetland_clr
      END
#if _display_wetland_lbl==1
      LABEL
        TYPE TRUETYPE
        PARTIALS FALSE
        FONT _wetland_font
        SIZE _wetland_lbl_size
        COLOR _wetland_lbl_clr
        WRAP ' '
        MAXLENGTH 6
        ALIGN CENTER
        MINFEATURESIZE AUTO
      END
#endif
    END
#endif
#if _display_retail==1
    CLASS
      EXPRESSION 'retail'
      STYLE
        COLOR _retail_clr
      END
#if _display_retail_lbl==1
      LABEL
        TYPE TRUETYPE
        PARTIALS FALSE
        FONT _retail_font
        SIZE _retail_lbl_size
        COLOR _retail_lbl_clr
        WRAP ' '
        MAXLENGTH 6
        ALIGN CENTER
        MINFEATURESIZE AUTO
      END
#endif
    END
#endif
   CLASS
      EXPRESSION 'pedestrian'
      STYLE
         COLOR _pedestrian_clr
      END
#if _display_pedestrian_lbl==1
      LABEL
         TYPE TRUETYPE
         FONT _pedestrian_font
         SIZE _pedestrian_lbl_size
         COLOR _pedestrian_lbl_clr
         WRAP ' '
         MAXLENGTH 6
         ALIGN CENTER
         MINFEATURESIZE AUTO
         PARTIALS FALSE
      END
#endif
   END
#if _display_hospital==1
    CLASS
        EXPRESSION 'hospital'
        STYLE
            COLOR _hospital_clr
        END
#if _display_hospital_lbl==1
         LABEL
          TYPE TRUETYPE
          PARTIALS FALSE
          FONT _hospital_font
          SIZE _hospital_lbl_size
          ENCODING "utf-8"
          COLOR _hospital_lbl_clr
          PRIORITY 1
          WRAP ' '
          MAXLENGTH 6
          ALIGN CENTER
          MINFEATURESIZE AUTO
        END
#endif
    END
#endif
#if _display_education==1
    CLASS
        EXPRESSION {school,college,university}
        STYLE
            COLOR _education_clr
        END
#if _display_education_lbl==1
        LABEL
          TYPE TRUETYPE
          PARTIALS FALSE
          FONT _education_font
          SIZE _education_lbl_size
          ENCODING "utf-8"
          COLOR _education_lbl_clr
          PRIORITY 1
          WRAP ' '
          MAXLENGTH 6
          ALIGN CENTER
          MINFEATURESIZE AUTO
        END
#endif
    END
#endif
#if _display_sports==1
    CLASS
      EXPRESSION {sports_center,stadium,pitch}
      STYLE
          COLOR _sports_clr
      END
#if _display_sports_lbl==1
      LABEL
        TYPE TRUETYPE
        PARTIALS FALSE
        FONT _sports_font
        SIZE _sports_lbl_size
        ENCODING "utf-8"
        COLOR _sports_lbl_clr
        PRIORITY 1
        WRAP ' '
        MAXLENGTH 6
        ALIGN CENTER
        MINFEATURESIZE AUTO
      END
#endif
    END
#endif
END

#if _display_transport_areas == 1
LAYER
   TYPE POLYGON
   STATUS ON
   PROJECTION
       "init=epsg:OSM_SRID"
   END
   NAME layername(transport_areas,_layer_suffix)
   GROUP "default"
   CONNECTIONTYPE POSTGIS
   CONNECTION "OSM_DB_CONNECTION"
#if OSM_FORCE_POSTGIS_EXTENT == 1
    EXTENT OSM_EXTENT
#endif
   COMPOSITE
     OPACITY _transport_opacity
   END # COMPOSITE
   DATA "geometry from OSM_SCHEMA.OSM_PREFIX_transport_areas using unique osm_id using srid=OSM_SRID"
   PROCESSING "CLOSE_CONNECTION=DEFER"
   MAXSCALEDENOM _maxscale
   MINSCALEDENOM _minscale
   LABELITEM "name"
   CLASS
      STYLE
         COLOR _transport_clr
      END
#if _display_transport_lbl==1
      LABEL
        TYPE TRUETYPE
        PARTIALS FALSE
        FONT _transport_font
        SIZE _transport_lbl_size
        COLOR _transport_lbl_clr
        PRIORITY 1
        WRAP ' '
        MAXLENGTH 6
        ALIGN CENTER
        MINFEATURESIZE AUTO
      END
#endif
   END
END

#endif

LAYER
    TYPE POLYGON
    STATUS ON
    PROJECTION
        "init=epsg:OSM_SRID"
    END
    NAME layername(waterarea,_layer_suffix)
    GROUP "default"
    CONNECTIONTYPE POSTGIS
    CONNECTION "OSM_DB_CONNECTION"
#if OSM_FORCE_POSTGIS_EXTENT == 1
    EXTENT OSM_EXTENT
#endif
    COMPOSITE
      OPACITY _waterarea_opacity
    END # COMPOSITE
    DATA _waterarea_data
    MAXSCALEDENOM _maxscale
    MINSCALEDENOM _minscale
    PROCESSING "CLOSE_CONNECTION=DEFER"
    LABELITEM "name"
    CLASSITEM "type"
    CLASS
      EXPRESSION "riverbank"
        STYLE
            COLOR _waterarea_clr
        END
    END
    CLASS
        STYLE
            COLOR _waterarea_clr
        END
#if _display_waterarea_lbl == 1
        LABEL
          TYPE TRUETYPE
          PARTIALS FALSE
          FONT _waterarea_font
          MINDISTANCE 200
          SIZE _waterarea_lbl_size
          ENCODING "utf-8"
          COLOR _waterarea_lbl_clr
          WRAP ' '
          MAXLENGTH 5
          ALIGN CENTER
          MINFEATURESIZE AUTO
        END
#endif
    END
END

#if _display_waterways == 1
LAYER
    TYPE LINE
    NAME layername(waterways,_layer_suffix)
    STATUS ON
    GROUP "default"
    CONNECTIONTYPE POSTGIS
    CONNECTION "OSM_DB_CONNECTION"
#if OSM_FORCE_POSTGIS_EXTENT == 1
    EXTENT OSM_EXTENT
#endif
    COMPOSITE
      OPACITY _waterways_opacity
    END # COMPOSITE
    DATA _waterways_data
    CLASSITEM "type"
    MAXSCALEDENOM _maxscale
    MINSCALEDENOM _minscale
    LABELITEM "name"
    PROJECTION
        "init=epsg:OSM_SRID"
    END
    PROCESSING "CLOSE_CONNECTION=DEFER"
    CLASS
        EXPRESSION "river"
        STYLE
            COLOR _river_clr
            WIDTH _river_width
        END
#if _display_river_lbl == 1
        LABEL
          TYPE TRUETYPE
          PARTIALS FALSE
          FONT _river_font
          MINDISTANCE 200
          SIZE _river_lbl_size
          COLOR _river_lbl_clr
          REPEATDISTANCE 400
          ENCODING "utf-8"
          MINFEATURESIZE AUTO
          ANGLE FOLLOW
          BUFFER 3
        END
#endif
    END
    CLASS
        EXPRESSION "stream"
        STYLE
            COLOR _stream_clr
            WIDTH _stream_width
        END
#if _display_stream_lbl == 1
        LABEL
          TYPE TRUETYPE
          PARTIALS FALSE
          FONT _stream_font
          MINDISTANCE 200
            REPEATDISTANCE 400
          SIZE _stream_lbl_size
          COLOR _stream_lbl_clr
          MINFEATURESIZE AUTO
       ENCODING "utf-8"
          ANGLE FOLLOW
          BUFFER 3
        END
#endif
    END
    CLASS
        EXPRESSION "canal"
        STYLE
            COLOR _canal_clr
            WIDTH _canal_width
        END
#if _display_canal_lbl == 1
        LABEL
          TYPE TRUETYPE
          FONT _canal_font
          MINDISTANCE 200
            REPEATDISTANCE 400
          SIZE _canal_lbl_size
          ENCODING "utf-8"
          COLOR _canal_lbl_clr
          MINFEATURESIZE AUTO
          ANGLE FOLLOW
          BUFFER 3
          PARTIALS FALSE
        END
#endif
    END
END
#endif

LAYER
    TYPE POLYGON
    STATUS ON
    PROJECTION
        "init=epsg:OSM_SRID"
    END
    NAME layername(landuse_on_water,_layer_suffix)
    GROUP "default"
    CONNECTIONTYPE POSTGIS
    CONNECTION "OSM_DB_CONNECTION"
  #if OSM_FORCE_POSTGIS_EXTENT == 1
    EXTENT OSM_EXTENT
  #endif
    COMPOSITE
      OPACITY _landusage_opacity
    END # COMPOSITE
    DATA _landusage_data
    PROCESSING "LABEL_NO_CLIP=ON"
    PROCESSING "CLOSE_CONNECTION=DEFER"
    MAXSCALEDENOM _maxscale
    MINSCALEDENOM _minscale
    CLASSITEM "type"
    LABELITEM "name"
    CLASS
      EXPRESSION 'pier'
      STYLE
         COLOR _pier_clr
      END
    END
  END


#if _display_landuse_outlines == 1
## Couche affichant les bordures de toutes les surfaces landuse par-dessus les autres éléments
## Cette couche est rendue en dernier pour garantir que les bordures soient visibles au-dessus de toutes les surfaces
LAYER
    TYPE POLYGON
    STATUS ON
    PROJECTION
        "init=epsg:OSM_SRID"
    END
    NAME layername(landuse_outlines,_layer_suffix)
    GROUP "default"
    CONNECTIONTYPE POSTGIS
    CONNECTION "OSM_DB_CONNECTION"
  #if OSM_FORCE_POSTGIS_EXTENT == 1
    EXTENT OSM_EXTENT
  #endif
    DATA _landusage_data
    PROCESSING "CLOSE_CONNECTION=DEFER"
    MAXSCALEDENOM _maxscale
    MINSCALEDENOM _minscale
    CLASSITEM "type"
#if _display_residential_outline == 1
    CLASS
      EXPRESSION 'residential'
      STYLE
         OUTLINECOLOR _residential_ol_clr
         OUTLINEWIDTH _residential_ol_width
      END
    END
#endif
#if _display_parking_outline == 1
    CLASS
      EXPRESSION 'parking'
      STYLE
         OUTLINECOLOR _parking_ol_clr
         OUTLINEWIDTH _parking_ol_width
      END
    END
#endif
#if _display_commercial_outline == 1
    CLASS
      EXPRESSION 'commercial'
      STYLE
         OUTLINECOLOR _commercial_ol_clr
         OUTLINEWIDTH _commercial_ol_width
      END
    END
#endif
#if _display_industrial_outline == 1
    CLASS
      EXPRESSION 'industrial'
      STYLE
         OUTLINECOLOR _industrial_ol_clr
         OUTLINEWIDTH _industrial_ol_width
      END
    END
#endif
#if _display_grass_outline == 1
    CLASS
      EXPRESSION {grassland,meadow,grass,village_green,garden}
      STYLE
         OUTLINECOLOR _grass_ol_clr
         OUTLINEWIDTH _grass_ol_width
      END
    END
#endif
#if _display_farmland_outline == 1
    CLASS
      EXPRESSION {farmland,farmyard}
      STYLE
         OUTLINECOLOR _farmland_ol_clr
         OUTLINEWIDTH _farmland_ol_width
      END
    END
#endif
#if _display_scrub_outline == 1
    CLASS
      EXPRESSION {scrub,heath}
      STYLE
         OUTLINECOLOR _scrub_ol_clr
         OUTLINEWIDTH _scrub_ol_width
      END
    END
#endif
#if _display_sand_outline == 1
    CLASS
      EXPRESSION {sand,bare_ground}
      STYLE
         OUTLINECOLOR _sand_ol_clr
         OUTLINEWIDTH _sand_ol_width
      END
    END
#endif
#if _display_wetland_outline == 1
    CLASS
      EXPRESSION {wetland}
      STYLE
         OUTLINECOLOR _wetland_ol_clr
         OUTLINEWIDTH _wetland_ol_width
      END
    END
#endif
#if _display_retail_outline == 1
    CLASS
      EXPRESSION 'retail'
      STYLE
         OUTLINECOLOR _retail_ol_clr
         OUTLINEWIDTH _retail_ol_width
      END
    END
#endif
#if _display_sports_outline == 1
    CLASS
      EXPRESSION {sports_center,stadium,pitch}
      STYLE
         OUTLINECOLOR _sports_ol_clr
         OUTLINEWIDTH _sports_ol_width
      END
    END
#endif
#if _display_pedestrian_outline == 1
    CLASS
      EXPRESSION 'pedestrian'
      STYLE
         OUTLINECOLOR _pedestrian_ol_clr
         OUTLINEWIDTH _pedestrian_ol_width
      END
    END
#endif
END
#endif
  #endif
